// Jest Snapshot v1, https://goo.gl/fbAQLP

exports[`test test1 1`] = `
<div
  className="App"
>
  <h1>
    Hello Listar
  </h1>
</div>
`;
